[www.iguazu.gob.ar/index.html]
[backblue.gif]
[fade.gif]
[index.html]
[www.iguazu.gob.ar/wp-content/uploads/2021/09/ESCUDO-MUNI.png]
[www.iguazu.gob.ar/wp-includes/css/dist/block-library/style.min2b6f.css]
[www.iguazu.gob.ar/wp-includes/css/dashicons.min2b6f.css]
[www.iguazu.gob.ar/wp-content/plugins/custom-facebook-feed-pro/assets/css/cff-style.min0015.css]
[www.iguazu.gob.ar/wp-content/themes/hello-elementor/style.min8066.css]
[www.iguazu.gob.ar/feed/index.html]
[www.iguazu.gob.ar/wp-content/themes/hello-elementor/theme.min8066.css]
[www.iguazu.gob.ar/wp-content/plugins/elementor/assets/css/frontend.mincd45.css]
[www.iguazu.gob.ar/wp-content/plugins/elementor/assets/lib/eicons/fonts/eicons0b93.eot]
[www.iguazu.gob.ar/comments/feed/index.html]
[www.iguazu.gob.ar/wp-content/uploads/fonts/Roboto-Regular.woff]
[www.iguazu.gob.ar/wp-content/uploads/fonts/Roboto-Bold.woff]
[www.iguazu.gob.ar/wp-content/uploads/2019/08/llamada2.jpg]
[www.iguazu.gob.ar/wp-content/plugins/powerpack-elements/assets/css/min/frontend.min9776.css]
[www.iguazu.gob.ar/wp-content/plugins/elementor-pro/assets/css/frontend.min5589.css]
[www.iguazu.gob.ar/wp-content/plugins/jet-search/assets/css/jet-searchbe12.css]
[www.iguazu.gob.ar/wp-content/plugins/elementor/assets/lib/font-awesome/css/all.mind227.css]
[www.iguazu.gob.ar/wp-content/plugins/elementor/assets/lib/font-awesome/css/v4-shims.mind227.css]
[www.iguazu.gob.ar/wp-content/plugins/elementor/assets/lib/font-awesome/css/fontawesome.min52d5.css]
[www.iguazu.gob.ar/wp-content/plugins/elementor/assets/lib/font-awesome/css/solid.min52d5.css]
[www.iguazu.gob.ar/wp-content/plugins/elementor/assets/lib/font-awesome/css/regular.min52d5.css]
[www.iguazu.gob.ar/wp-content/plugins/elementor/assets/lib/font-awesome/css/brands.min52d5.css]
[www.iguazu.gob.ar/wp-includes/js/jquery/jquery.minaf6c.js]
[www.iguazu.gob.ar/wp-includes/js/jquery/jquery-migrate.mind617.js]
[www.iguazu.gob.ar/wp-content/plugins/elementor/assets/lib/font-awesome/js/v4-shims.mind227.js]
[www.iguazu.gob.ar/wp-json/index.html]
[www.iguazu.gob.ar/wp-json/wp/v2/pages/4360.json]
[www.iguazu.gob.ar/xmlrpc0db0.php]
[www.iguazu.gob.ar/wp-includes/wlwmanifest.xml]
[www.iguazu.gob.ar/wp-json/oembed/1.0/embed8ce5.json]
[www.iguazu.gob.ar/wp-json/oembed/1.0/embedeebe]
[www.iguazu.gob.ar/wp-content/plugins/index.html]
[www.iguazu.gob.ar/wp-content/uploads/2021/09/cropped-favicon-2-32x32.png]
[www.iguazu.gob.ar/wp-content/uploads/2021/09/cropped-favicon-2-192x192.png]
[www.iguazu.gob.ar/wp-content/uploads/2021/09/cropped-favicon-2-180x180.png]
[www.iguazu.gob.ar/wp-content/uploads/2021/09/LOGO-ISOTIPO-MUNI-BLANCO-2.svg]
[www.iguazu.gob.ar/secretaria-de-gobierno/index.html]
[www.iguazu.gob.ar/intendente/index.html]
[www.iguazu.gob.ar/historia/index.html]
[www.iguazu.gob.ar/cultura/index.html]
[www.iguazu.gob.ar/deportes-2/index.html]
[www.iguazu.gob.ar/direccion-de-la-juventud/index.html]
[www.iguazu.gob.ar/medio-ambiente/index.html]
[www.iguazu.gob.ar/oficina-de-empleo/index.html]
[www.iguazu.gob.ar/wp-content/uploads/2023/08/diferentes-personas-corriendo.jpg]
[www.iguazu.gob.ar/wp-content/uploads/2024/09/WhatsApp-Image-2024-09-10-at-17.12.57-scaled.jpg]
[www.iguazu.gob.ar/wp-content/uploads/2024/09/459057841_532958819234522_789183223895054349_n.jpg]
[www.iguazu.gob.ar/diversidadygeneros/index.html]
[www.iguazu.gob.ar/wp-content/uploads/2024/09/Visita-de-la-Vicepresidente.png]
[www.iguazu.gob.ar/higiene-y-seguridad/index.html]
[scontent.fros8-1.fna.fbcdn.net/v/t39.30808-1/398741485_351315637398842_8088513811119811038_naa93.jpg]
[www.iguazu.gob.ar/bromatologia/index.html]
[scontent.fros8-1.fna.fbcdn.net/v/t39.30808-6/460415187_540636881800049_8209776059402133281_nb156.jpg]
[www.iguazu.gob.ar/transito/index.html]
[scontent.fros8-1.fna.fbcdn.net/v/t39.30808-6/460427167_540637238466680_7678116558607849107_nf8ed.jpg]
[www.iguazu.gob.ar/zoonosis/index.html]
[scontent.fros8-1.fna.fbcdn.net/v/t39.30808-6/460616409_540637955133275_6783645253677991042_n4f79.jpg]
[scontent.fros8-1.fna.fbcdn.net/v/t39.30808-6/460666265_540637771799960_878134492594890038_n4d90.jpg]
[www.iguazu.gob.ar/cdn-cgi/l/email-protection.html]
[scontent.fros8-1.fna.fbcdn.net/v/t15.5256-10/460633894_1523159221905274_8937345512526561749_n59ec.jpg]
[www.iguazu.gob.ar/vectores/index.html]
[scontent.fros8-1.fna.fbcdn.net/v/t39.30808-6/460367861_540675331796204_3059644751108791657_n3c80.jpg]
[scontent.fros8-1.fna.fbcdn.net/v/t39.30808-6/460624196_540630398467364_2152123686642139294_n2467.jpg]
[scontent.fros8-1.fna.fbcdn.net/v/t39.30808-6/460739541_540630408467363_8916660271447504102_na57c.jpg]
[www.iguazu.gob.ar/tramites-de-transito/index.html]
[scontent.fros8-1.fna.fbcdn.net/v/t39.30808-6/460824654_540628725134198_1124100476148790735_n6700.jpg]
[www.iguazu.gob.ar/wp-content/uploads/2019/09/categoria-a-150x150.jpg]
[www.iguazu.gob.ar/tramites-del-cementerio/index.html]
[www.iguazu.gob.ar/wp-content/uploads/2019/09/categoria-b-f-150x150.jpg]
[www.iguazu.gob.ar/tramites-de-bromatologia/index.html]
[www.iguazu.gob.ar/tramites-de-pension-por-invalidez/index.html]
[www.iguazu.gob.ar/wp-content/uploads/2019/09/categoria-a-b-150x150.jpg]
[www.iguazu.gob.ar/wp-content/uploads/2019/09/categoria-c-d-e-g-150x150.jpg]
[www.iguazu.gob.ar/wp-content/uploads/2019/09/clase-a-c-d-e-g-150x150.jpg]
[www.iguazu.gob.ar/cdn-cgi/scripts/5c5dd728/cloudflare-static/email-decode.min.js]
[www.iguazu.gob.ar/tramites-de-fiscalizacion/index.html]
[www.iguazu.gob.ar/wp-content/plugins/elementor/assets/lib/animations/animations.mincd45.css]
[www.iguazu.gob.ar/wp-content/plugins/simply-gallery-block/plugins/pgc_sgb_lightbox.min950a.js]
[www.iguazu.gob.ar/wp-content/plugins/custom-facebook-feed-pro/assets/js/cff-scripts.min0015.js]
[www.iguazu.gob.ar/contacto/index.html]
[www.iguazu.gob.ar/wp-content/uploads/essential-addons-elementor/cb70d11b8.minc187.js]
[www.iguazu.gob.ar/wp-includes/js/wp-embed.min2b6f.js]
[www.iguazu.gob.ar/wp-content/plugins/powerpack-elements/assets/lib/smartmenu/jquery-smartmenuc64e.js]
[www.iguazu.gob.ar/wp-content/plugins/powerpack-elements/assets/js/frontend-advanced-menu9776.js]
[www.iguazu.gob.ar/notas/media-maraton-tres-fronteras/index.html]
[www.iguazu.gob.ar/wp-content/plugins/powerpack-elements/assets/js/frontend9776.js]
[www.iguazu.gob.ar/wp-includes/js/imagesloaded.mineda1.js]
[www.iguazu.gob.ar/wp-content/plugins/elementor-pro/assets/js/webpack-pro.runtime.min5589.js]
[www.iguazu.gob.ar/wp-content/plugins/elementor/assets/js/webpack.runtime.mincd45.js]
[www.iguazu.gob.ar/notas/homenaje-a-pioneros-123-aniversario/index.html]
[www.iguazu.gob.ar/wp-content/plugins/elementor/assets/js/frontend-modules.mincd45.js]
[www.iguazu.gob.ar/wp-content/plugins/elementor-pro/assets/js/frontend.min5589.js]
[www.iguazu.gob.ar/wp-content/plugins/elementor/assets/lib/waypoints/waypoints.min05da.js]
[www.iguazu.gob.ar/wp-includes/js/jquery/ui/core.min35d0.js]
[www.iguazu.gob.ar/wp-content/plugins/elementor/assets/js/frontend.mincd45.js]
[www.iguazu.gob.ar/notas/123-aniversario-pto-iguazu/index.html]
[www.iguazu.gob.ar/wp-content/plugins/elementor-pro/assets/js/elements-handlers.min5589.js]
[www.iguazu.gob.ar/wp-content/plugins/the-plus-addons-for-elementor-page-builder/assets/js/main/section-column-link/plus-section-column-link.min2b6f.js]
[www.iguazu.gob.ar/wp-content/plugins/elementor-pro/assets/lib/sticky/jquery.sticky.min5589.js]
[www.iguazu.gob.ar/notas/visita-vicepresidente/index.html]
[www.iguazu.gob.ar/wp-includes/js/underscore.min0028.js]
[www.iguazu.gob.ar/wp-includes/js/wp-util.min2b6f.js]
[www.iguazu.gob.ar/index.html]
[www.iguazu.gob.ar/wp-includes/css/dist/block-library/style.min2b6f.css]
[www.iguazu.gob.ar/wp-content/plugins/jet-search/assets/js/jet-searchbe12.js]
[www.iguazu.gob.ar/wp-includes/fonts/dashicons7d4b.eot]
[www.iguazu.gob.ar/wp-includes/fonts/dashicons7d4b.ttf]
[www.iguazu.gob.ar/wp-includes/css/dashicons.min2b6f.css]
[www.iguazu.gob.ar/wp-content/plugins/custom-facebook-feed-pro/assets/img/cff-sprite.png]
[www.iguazu.gob.ar/wp-content/plugins/custom-facebook-feed-pro/assets/css/cff-style.min0015.css]
[www.iguazu.gob.ar/wp-content/themes/hello-elementor/style.min8066.css]
[www.iguazu.gob.ar/wp-content/themes/hello-elementor/theme.min8066.css]
[www.iguazu.gob.ar/wp-content/plugins/elementor/assets/css/frontend.mincd45.css]
[www.iguazu.gob.ar/wp-content/uploads/fonts/Roboto-Regular.html]
[www.iguazu.gob.ar/wp-content/uploads/fonts/Roboto-Bold.html]
[www.iguazu.gob.ar/wp-content/plugins/powerpack-elements/assets/css/min/frontend.min9776.css]
[www.iguazu.gob.ar/wp-content/plugins/elementor-pro/assets/css/frontend.min5589.css]
[www.iguazu.gob.ar/wp-content/plugins/jet-search/assets/css/jet-searchbe12.css]
[www.iguazu.gob.ar/wp-content/plugins/elementor/assets/lib/font-awesome/webfonts/fa-brands-400.eot]
[www.iguazu.gob.ar/wp-content/plugins/elementor/assets/lib/font-awesome/webfonts/fa-brands-400d41d.eot]
[www.iguazu.gob.ar/wp-content/plugins/elementor/assets/lib/font-awesome/webfonts/fa-brands-400.html]
[www.iguazu.gob.ar/wp-content/plugins/elementor/assets/lib/font-awesome/webfonts/fa-brands-400.woff]
[www.iguazu.gob.ar/wp-content/plugins/elementor/assets/lib/font-awesome/webfonts/fa-brands-400.ttf]
[www.iguazu.gob.ar/wp-content/plugins/elementor/assets/lib/font-awesome/webfonts/fa-brands-400.svg]
[www.iguazu.gob.ar/wp-content/plugins/elementor/assets/lib/font-awesome/webfonts/fa-regular-400.eot]
[www.iguazu.gob.ar/wp-content/plugins/elementor/assets/lib/font-awesome/webfonts/fa-regular-400d41d.eot]
[www.iguazu.gob.ar/wp-content/plugins/elementor/assets/lib/font-awesome/webfonts/fa-regular-400.html]
[www.iguazu.gob.ar/wp-content/plugins/elementor/assets/lib/font-awesome/webfonts/fa-regular-400.woff]
[www.iguazu.gob.ar/wp-content/plugins/elementor/assets/lib/font-awesome/webfonts/fa-regular-400.ttf]
[www.iguazu.gob.ar/wp-content/plugins/elementor/assets/lib/font-awesome/webfonts/fa-regular-400.svg]
[www.iguazu.gob.ar/wp-content/plugins/elementor/assets/lib/font-awesome/webfonts/fa-solid-900.eot]
[www.iguazu.gob.ar/wp-content/plugins/elementor/assets/lib/font-awesome/webfonts/fa-solid-900d41d.eot]
[www.iguazu.gob.ar/wp-content/plugins/elementor/assets/lib/font-awesome/webfonts/fa-solid-900.html]
[www.iguazu.gob.ar/wp-content/plugins/elementor/assets/lib/font-awesome/webfonts/fa-solid-900.woff]
[www.iguazu.gob.ar/wp-content/plugins/elementor/assets/lib/font-awesome/webfonts/fa-solid-900.ttf]
[www.iguazu.gob.ar/wp-content/plugins/elementor/assets/lib/font-awesome/css/all.mind227.css]
[www.iguazu.gob.ar/wp-content/plugins/elementor/assets/lib/font-awesome/css/v4-shims.mind227.css]
[www.iguazu.gob.ar/wp-content/plugins/elementor/assets/lib/font-awesome/css/fontawesome.min52d5.css]
[www.iguazu.gob.ar/wp-content/plugins/elementor/assets/lib/font-awesome/css/solid.min52d5.css]
[www.iguazu.gob.ar/wp-content/plugins/elementor/assets/lib/font-awesome/css/regular.min52d5.css]
[www.iguazu.gob.ar/wp-content/plugins/elementor/assets/lib/font-awesome/css/brands.min52d5.css]
[www.iguazu.gob.ar/wp-content/plugins/index.html]
[www.iguazu.gob.ar/wp-admin/admin-ajax.html]
[www.iguazu.gob.ar/wp-content/uploads/2021/09/LOGO-ISOTIPO-MUNI-BLANCO-2.svg]
[www.iguazu.gob.ar/wp-content/plugins/elementor/assets/lib/font-awesome/webfonts/fa-solid-900.svg]
[www.iguazu.gob.ar/wp-content/uploads/2023/05/346031182_924952472060471_2885138619256087920_n-300x300.jpg]
[www.iguazu.gob.ar/wp-json/wp/v2/pages/744.json]
[www.iguazu.gob.ar/wp-json/oembed/1.0/embed51fe.json]
[www.iguazu.gob.ar/wp-json/oembed/1.0/embedbbc0]
[scontent.fros8-1.fna.fbcdn.net/v/t39.30808-1/346031182_924952472060471_2885138619256087920_n19c0.jpg]
[scontent.fros8-1.fna.fbcdn.net/v/t39.30808-6/459075595_17951776691832219_3902461522764718718_nff47.jpg]
[scontent.fros8-1.fna.fbcdn.net/v/t39.30808-6/459057841_532958819234522_789183223895054349_nb8ea.jpg]
[scontent.fros8-1.fna.fbcdn.net/v/t39.30808-6/459080054_532957102568027_531676616014685032_nb4e2.jpg]
[scontent.fros8-1.fna.fbcdn.net/v/t39.30808-6/459095360_532958715901199_6242885590542519296_nf7f4.jpg]
[scontent.fros8-1.fna.fbcdn.net/v/t39.30808-6/459007449_532958335901237_2548885713645594844_n09bc.jpg]
[scontent.fros8-1.fna.fbcdn.net/v/t39.30808-6/458933790_17951526896832219_8723587437800375320_n6263.jpg]
[scontent.fros8-1.fna.fbcdn.net/v/t39.30808-6/458617572_532091289321275_6364994087289424288_n6f43.jpg]
[scontent.fros8-1.fna.fbcdn.net/v/t39.30808-6/458933917_532091295987941_6250663953692177417_nf3eb.jpg]
[scontent.fros8-1.fna.fbcdn.net/v/t39.30808-6/458965436_532091309321273_3813843798246968443_ne2b0.jpg]
[scontent.fros8-1.fna.fbcdn.net/v/t39.30808-6/458764734_532091242654613_8454764418645202944_n7cb9.jpg]
[scontent.fros8-1.fna.fbcdn.net/v/t39.30808-6/458656065_10233998316241410_1992451927706704109_n61a0.jpg]
[scontent.fros8-1.fna.fbcdn.net/v/t39.30808-6/458398427_10233998316321412_4074821388513384580_n59e9.jpg]
[scontent.fros8-1.fna.fbcdn.net/v/t39.30808-6/458576748_10233998317161433_6568583667934695302_n579c.jpg]
[scontent.fros8-1.fna.fbcdn.net/v/t39.30808-6/458726182_10233998317361438_6329443966272003983_n903a.jpg]
[www.iguazu.gob.ar/intendente/index.html]
[www.iguazu.gob.ar/wp-content/uploads/essential-addons-elementor/6900ee48b.min7e01.js]
[www.iguazu.gob.ar/wp-content/uploads/2024/01/7ff915fe-7983-4029-8703-65f54cbb41f8-213x300.jpg]
[www.iguazu.gob.ar/wp-json/wp/v2/pages/771.json]
[www.iguazu.gob.ar/wp-json/oembed/1.0/embed563a.json]
[www.iguazu.gob.ar/wp-json/oembed/1.0/embedde04]
[www.iguazu.gob.ar/secretaria-de-gobierno/index.html]
[www.iguazu.gob.ar/wp-content/uploads/essential-addons-elementor/8049fa768.min7e01.js]
[www.iguazu.gob.ar/wp-content/uploads/2019/12/Victoria-Aguirre.jpg]
[www.iguazu.gob.ar/wp-json/wp/v2/pages/654.json]
[www.iguazu.gob.ar/wp-json/oembed/1.0/embedc56f.json]
[www.iguazu.gob.ar/wp-json/oembed/1.0/embed04cf]
[www.iguazu.gob.ar/wp-content/uploads/2021/09/ISOTIPO-MUNI-2@4x.png]
[www.iguazu.gob.ar/wp-content/uploads/2021/09/ISOTIPO-MUNI-2@4x-300x256.png]
[www.iguazu.gob.ar/historia/index.html]
[www.iguazu.gob.ar/wp-content/uploads/essential-addons-elementor/5499e357a.min6cdd.js]
[www.iguazu.gob.ar/wp-content/uploads/2024/01/cultura.jpg]
[www.iguazu.gob.ar/wp-json/wp/v2/pages/884.json]
[www.iguazu.gob.ar/wp-json/oembed/1.0/embeda3db.json]
[www.iguazu.gob.ar/wp-json/oembed/1.0/embed4331]
[www.iguazu.gob.ar/cultura/index.html]
[www.iguazu.gob.ar/wp-content/uploads/essential-addons-elementor/a00d33a4d.min6cdd.js]
[www.iguazu.gob.ar/wp-json/wp/v2/pages/8198.json]
[www.iguazu.gob.ar/wp-json/oembed/1.0/embed155c.json]
[www.iguazu.gob.ar/wp-json/oembed/1.0/embed487d]
[www.iguazu.gob.ar/deportes-2/index.html]
[www.iguazu.gob.ar/wp-content/uploads/essential-addons-elementor/0bf2e78b3.min6cdd.js]
[www.iguazu.gob.ar/wp-content/uploads/2021/09/eco-puntos.jpg]
[www.iguazu.gob.ar/wp-json/wp/v2/pages/6819.json]
[www.iguazu.gob.ar/wp-json/oembed/1.0/embed02d4.json]
[www.iguazu.gob.ar/wp-json/oembed/1.0/embedcea2]
[www.iguazu.gob.ar/wp-content/uploads/2021/09/latas.svg]
[www.iguazu.gob.ar/wp-content/uploads/2021/09/plastico.svg]
[www.iguazu.gob.ar/wp-content/uploads/2021/09/papel-y-carton.svg]
[www.iguazu.gob.ar/wp-content/uploads/2021/09/vidrio.svg]
[www.iguazu.gob.ar/wp-content/uploads/2021/09/compost.svg]
[www.iguazu.gob.ar/wp-content/uploads/2021/09/otros.svg]
[scontent.fros8-1.fna.fbcdn.net/v/t39.30808-1/273029027_247314050917074_2629933824890835540_nd4f6.jpg]
[scontent.fros8-1.fna.fbcdn.net/v/t39.30808-6/449723678_491670703363334_8315733535936931369_n7e5c.jpg]
[scontent.fros8-1.fna.fbcdn.net/v/t39.30808-6/449719259_491670693363335_8061378633602516506_n9dd6.jpg]
[scontent.fros8-1.fna.fbcdn.net/v/t39.30808-6/448688940_483308404199564_1484904744417310468_n6023.jpg]
[scontent.fros8-1.fna.fbcdn.net/v/t39.30808-6/448663333_482935774236827_2705936808257215286_n80be.jpg]
[scontent.fros8-1.fna.fbcdn.net/v/t39.30808-6/448753314_482935794236825_2227757068038326452_ne289.jpg]
[scontent.fros8-1.fna.fbcdn.net/v/t15.5256-10/428365643_1118713379212806_1089899693340567749_n3306.jpg]
[scontent.fros8-1.fna.fbcdn.net/v/t39.30808-6/441176396_752410167074124_4657384703730030109_nc891.jpg]
[scontent.fros8-1.fna.fbcdn.net/v/t39.30808-6/443718746_752410240407450_7490796454797172003_n9935.jpg]
[www.iguazu.gob.ar/medio-ambiente/index.html]
[www.iguazu.gob.ar/wp-content/uploads/essential-addons-elementor/e89ade15f.min0014.js]
[www.iguazu.gob.ar/wp-json/wp/v2/pages/8246.json]
[www.iguazu.gob.ar/wp-json/oembed/1.0/embede2bc.json]
[www.iguazu.gob.ar/wp-json/oembed/1.0/embedf32e]
[www.iguazu.gob.ar/direccion-de-la-juventud/index.html]
[www.iguazu.gob.ar/wp-content/uploads/essential-addons-elementor/2c6bf327f.min0014.js]
[www.iguazu.gob.ar/wp-content/uploads/2024/01/WhatsApp-Image-2023-12-28-at-10.17.24.jpg]
[www.iguazu.gob.ar/wp-json/wp/v2/pages/896.json]
[www.iguazu.gob.ar/wp-json/oembed/1.0/embedbff3.json]
[www.iguazu.gob.ar/wp-json/oembed/1.0/embed82cc]
[www.iguazu.gob.ar/oficina-de-empleo/index.html]
[www.iguazu.gob.ar/wp-content/uploads/essential-addons-elementor/cdd98f1de.min0014.js]
[www.iguazu.gob.ar/wp-content/uploads/2022/11/275449816_174714708217282_6217319735777095384_n.jpg]
[www.iguazu.gob.ar/wp-json/wp/v2/pages/7606.json]
[www.iguazu.gob.ar/wp-json/oembed/1.0/embed869f.json]
[www.iguazu.gob.ar/wp-json/oembed/1.0/embedca95]
[www.iguazu.gob.ar/wp-content/uploads/2022/11/275449816_174714708217282_6217319735777095384_n-300x300.jpg]
[www.iguazu.gob.ar/wp-content/uploads/2022/12/374acdd7-bda9-4faa-996a-9cb444a6d3d6-236x300.jpg]
[scontent.fros8-1.fna.fbcdn.net/v/t39.30808-1/275449816_174714708217282_6217319735777095384_ne0a1.jpg]
[scontent.fros8-1.fna.fbcdn.net/v/t39.30808-6/460526883_18011840264627050_6339965155881901323_nadd0.jpg]
[scontent.fros8-1.fna.fbcdn.net/v/t39.30808-6/460372190_18011463959627050_3651807539118675459_n31a1.jpg]
[scontent.fros8-1.fna.fbcdn.net/v/t39.30808-6/459945758_18011463968627050_440453390872328856_nd91b.jpg]
[scontent.fros8-1.fna.fbcdn.net/v/t39.30808-6/460207858_18011463977627050_4687420516860645925_n233d.jpg]
[scontent.fros8-1.fna.fbcdn.net/v/t39.30808-6/459319355_18010982732627050_7352809816739676224_n27c3.jpg]
[scontent.fros8-1.fna.fbcdn.net/v/t39.30808-6/459478157_18010982750627050_4470302920971136177_n7f12.jpg]
[scontent.fros8-1.fna.fbcdn.net/v/t39.30808-6/459477049_18010982759627050_3507288981790005831_n4d50.jpg]
[scontent.fros8-1.fna.fbcdn.net/v/t39.30808-6/459342842_18010982768627050_7372359207063208932_n5521.jpg]
[scontent.fros8-1.fna.fbcdn.net/v/t39.30808-6/459320466_18010710440627050_2472563023078628390_nc50e.jpg]
[scontent.fros8-1.fna.fbcdn.net/v/t39.30808-6/456863753_18008424605627050_740060328105687359_n70ed.jpg]
[scontent.fros8-1.fna.fbcdn.net/v/t39.30808-6/456898979_18008424614627050_1803445755412694561_n1624.jpg]
[scontent.fros8-1.fna.fbcdn.net/v/t39.30808-6/456564450_18008424623627050_5838666600655818224_n4864.jpg]
[scontent.fros8-1.fna.fbcdn.net/v/t39.30808-6/456772806_18008424632627050_3441654813450929605_nfada.jpg]
[www.iguazu.gob.ar/diversidadygeneros/index.html]
[www.iguazu.gob.ar/wp-content/uploads/essential-addons-elementor/ea9cb329b.min4b22.js]
[www.iguazu.gob.ar/wp-content/uploads/2024/01/WhatsApp-Image-2023-12-28-at-10.23.47.jpg]
[www.iguazu.gob.ar/wp-json/wp/v2/pages/952.json]
[www.iguazu.gob.ar/wp-json/oembed/1.0/embed56be.json]
[www.iguazu.gob.ar/wp-json/oembed/1.0/embed21fc]
[www.iguazu.gob.ar/higiene-y-seguridad/index.html]
[www.iguazu.gob.ar/wp-content/uploads/essential-addons-elementor/8946c51d5.min4b22.js]
[www.iguazu.gob.ar/wp-content/uploads/2024/01/WhatsApp-Image-2023-12-28-at-11.46.26.jpg]
[www.iguazu.gob.ar/wp-json/wp/v2/pages/872.json]
[www.iguazu.gob.ar/wp-json/oembed/1.0/embed26fb.json]
[www.iguazu.gob.ar/wp-json/oembed/1.0/embed61c1]
[www.iguazu.gob.ar/bromatologia/index.html]
[www.iguazu.gob.ar/wp-content/uploads/essential-addons-elementor/5f1242f6e.minc969.js]
[www.iguazu.gob.ar/wp-json/wp/v2/pages/606.json]
[www.iguazu.gob.ar/wp-json/oembed/1.0/embed67d3.json]
[www.iguazu.gob.ar/wp-json/oembed/1.0/embed36d2]
[www.iguazu.gob.ar/transito/index.html]
[www.iguazu.gob.ar/wp-content/uploads/essential-addons-elementor/55e990f48.minc969.js]
[www.iguazu.gob.ar/wp-content/uploads/2024/01/zoonosis.jpg]
[www.iguazu.gob.ar/wp-json/wp/v2/pages/4233.json]
[www.iguazu.gob.ar/wp-json/oembed/1.0/embed1303.json]
[www.iguazu.gob.ar/wp-json/oembed/1.0/embed8717]
[www.iguazu.gob.ar/zoonosis/index.html]
[www.iguazu.gob.ar/wp-content/uploads/essential-addons-elementor/7cbb29edc.min133e.js]
[www.iguazu.gob.ar/wp-json/wp/v2/pages/971.json]
[www.iguazu.gob.ar/wp-json/oembed/1.0/embed50e4.json]
[www.iguazu.gob.ar/wp-json/oembed/1.0/embedd835]
[www.iguazu.gob.ar/vectores/index.html]
[www.iguazu.gob.ar/wp-content/uploads/essential-addons-elementor/9f741400b.minc740.js]
[www.iguazu.gob.ar/wp-content/uploads/2019/12/cabecera-v3.jpg]
[www.iguazu.gob.ar/wp-json/wp/v2/pages/428.json]
[www.iguazu.gob.ar/wp-json/oembed/1.0/embed5fdf.json]
[www.iguazu.gob.ar/wp-json/oembed/1.0/embed7f36]
[www.iguazu.gob.ar/tramites-de-transito/index.html]
[www.iguazu.gob.ar/wp-content/uploads/essential-addons-elementor/2dce01fd1.min4613.js]
[www.iguazu.gob.ar/wp-json/wp/v2/pages/507.json]
[www.iguazu.gob.ar/wp-json/oembed/1.0/embed71f9.json]
[www.iguazu.gob.ar/wp-json/oembed/1.0/embed6807]
[www.iguazu.gob.ar/tramites-de-bromatologia/index.html]
[www.iguazu.gob.ar/wp-content/uploads/essential-addons-elementor/cf03a6d38.minb47e.js]
[www.iguazu.gob.ar/wp-json/wp/v2/pages/1001.json]
[www.iguazu.gob.ar/wp-json/oembed/1.0/embedc5cf.json]
[www.iguazu.gob.ar/wp-json/oembed/1.0/embedb431]
[www.iguazu.gob.ar/tramites-del-cementerio/index.html]
[www.iguazu.gob.ar/wp-content/uploads/essential-addons-elementor/ba2e353ad.minb47e.js]
[www.iguazu.gob.ar/wp-json/wp/v2/pages/1007.json]
[www.iguazu.gob.ar/wp-json/oembed/1.0/embed96fc.json]
[www.iguazu.gob.ar/wp-json/oembed/1.0/embed8b20]
[www.iguazu.gob.ar/tramites-de-pension-por-invalidez/index.html]
[www.iguazu.gob.ar/wp-content/uploads/essential-addons-elementor/45ee11be0.minb47e.js]
[www.iguazu.gob.ar/wp-json/wp/v2/pages/1740.json]
[www.iguazu.gob.ar/wp-json/oembed/1.0/embed5d21.json]
[www.iguazu.gob.ar/wp-json/oembed/1.0/embedb043]
[www.iguazu.gob.ar/tramites-de-fiscalizacion/index.html]
[www.iguazu.gob.ar/wp-content/uploads/essential-addons-elementor/eee800015.min1619.js]
[www.iguazu.gob.ar/wp-content/uploads/2019/12/cabecera-contacto-v10.jpg]
[www.iguazu.gob.ar/wp-content/uploads/2019/12/cabecera-contacto-v8.jpg]
[www.iguazu.gob.ar/wp-content/uploads/2019/12/cabecera-contacto-v7.jpg]
[www.iguazu.gob.ar/wp-json/wp/v2/pages/804.json]
[www.iguazu.gob.ar/wp-json/oembed/1.0/embedd15e.json]
[www.iguazu.gob.ar/wp-json/oembed/1.0/embed23bc]
[www.iguazu.gob.ar/contacto/index.html]
[www.iguazu.gob.ar/wp-content/uploads/essential-addons-elementor/b1a972fef.min6d62.js]
[www.iguazu.gob.ar/wp-content/plugins/reading-progress-bar/public/css/rp-public2b6f.css]
[www.iguazu.gob.ar/wp-content/plugins/reading-progress-bar/public/js/rp-public2b6f.js]
[www.iguazu.gob.ar/wp-json/wp/v2/posts/8693.json]
[www.iguazu.gob.ar/wp-json/oembed/1.0/embed840d.json]
[www.iguazu.gob.ar/wp-json/oembed/1.0/embeda6c0]
[www.iguazu.gob.ar/wp-content/uploads/2024/09/459731734_535835878946816_4421896518231469329_n.jpg]
[www.iguazu.gob.ar/wp-content/uploads/2024/09/459731734_535835878946816_4421896518231469329_n-266x300.jpg]
[www.iguazu.gob.ar/wp-content/uploads/2024/09/459515490_535835862280151_5710901287093939549_n.jpg]
[www.iguazu.gob.ar/wp-content/uploads/2024/09/459515490_535835862280151_5710901287093939549_n-265x300.jpg]
[www.iguazu.gob.ar/wp-content/uploads/2024/09/459614282_535835875613483_2535524712132293607_n.jpg]
[www.iguazu.gob.ar/wp-content/uploads/2024/09/459614282_535835875613483_2535524712132293607_n-277x300.jpg]
[www.iguazu.gob.ar/wp-content/plugins/simply-gallery-block/blocks/blocks.uni950a.css]
[www.iguazu.gob.ar/wp-content/uploads/essential-addons-elementor/2f7f4900c.min35a6.js]
[www.iguazu.gob.ar/wp-content/plugins/simply-gallery-block/blocks/pgc_sgb.min950a.js]
[www.iguazu.gob.ar/notas/media-maraton-tres-fronteras/index.html]
[www.iguazu.gob.ar/wp-json/wp/v2/posts/8685.json]
[www.iguazu.gob.ar/wp-json/oembed/1.0/embed6b90.json]
[www.iguazu.gob.ar/wp-json/oembed/1.0/embed77b2]
[www.iguazu.gob.ar/wp-content/uploads/2024/09/WhatsApp-Image-2024-09-10-at-17.12.58.jpg]
[www.iguazu.gob.ar/wp-content/uploads/2024/09/WhatsApp-Image-2024-09-10-at-17.12.58-300x169.jpg]
[www.iguazu.gob.ar/wp-content/uploads/2024/09/WhatsApp-Image-2024-09-10-at-17.12.57-300x200.jpg]
[www.iguazu.gob.ar/wp-content/uploads/2024/09/WhatsApp-Image-2024-09-10-at-17.12.57-1-scaled.jpg]
[www.iguazu.gob.ar/wp-content/uploads/2024/09/WhatsApp-Image-2024-09-10-at-17.12.57-1-300x200.jpg]
[www.iguazu.gob.ar/notas/homenaje-a-pioneros-123-aniversario/index.html]
[www.iguazu.gob.ar/wp-content/uploads/essential-addons-elementor/20150b184.minc787.js]
[www.iguazu.gob.ar/wp-json/wp/v2/posts/8671.json]
[www.iguazu.gob.ar/wp-json/oembed/1.0/embedb47b.json]
[www.iguazu.gob.ar/wp-json/oembed/1.0/embed7859]
[www.iguazu.gob.ar/wp-content/uploads/2024/09/459114486_532958592567878_1077684152214343726_n.jpg]
[www.iguazu.gob.ar/wp-content/uploads/2024/09/459114486_532958592567878_1077684152214343726_n-300x225.jpg]
[www.iguazu.gob.ar/wp-content/uploads/2024/09/459095360_532958715901199_6242885590542519296_n.jpg]
[www.iguazu.gob.ar/wp-content/uploads/2024/09/459095360_532958715901199_6242885590542519296_n-300x225.jpg]
[www.iguazu.gob.ar/wp-content/uploads/2024/09/459088493_532958792567858_7821770584555531209_n.jpg]
[www.iguazu.gob.ar/wp-content/uploads/2024/09/459088493_532958792567858_7821770584555531209_n-300x225.jpg]
[www.iguazu.gob.ar/wp-content/uploads/2024/09/459080318_532958409234563_7429566618560220445_n.jpg]
[www.iguazu.gob.ar/wp-content/uploads/2024/09/459080318_532958409234563_7429566618560220445_n-300x225.jpg]
[www.iguazu.gob.ar/wp-content/uploads/2024/09/459080054_532957102568027_531676616014685032_n.jpg]
[www.iguazu.gob.ar/wp-content/uploads/2024/09/459080054_532957102568027_531676616014685032_n-300x225.jpg]
[www.iguazu.gob.ar/wp-content/uploads/2024/09/459057841_532958819234522_789183223895054349_n-300x225.jpg]
[www.iguazu.gob.ar/wp-content/uploads/2024/09/459008212_532958552567882_2409604407400484262_n.jpg]
[www.iguazu.gob.ar/wp-content/uploads/2024/09/459008212_532958552567882_2409604407400484262_n-300x225.jpg]
[www.iguazu.gob.ar/wp-content/uploads/2024/09/459007449_532958335901237_2548885713645594844_n.jpg]
[www.iguazu.gob.ar/wp-content/uploads/2024/09/459007449_532958335901237_2548885713645594844_n-300x225.jpg]
[www.iguazu.gob.ar/wp-content/uploads/2024/09/458981890_532958469234557_3854044545080798354_n.jpg]
[www.iguazu.gob.ar/wp-content/uploads/2024/09/458981890_532958469234557_3854044545080798354_n-300x225.jpg]
[www.iguazu.gob.ar/wp-content/uploads/2024/09/458949536_532958692567868_4827800519449857196_n.jpg]
[www.iguazu.gob.ar/wp-content/uploads/2024/09/458949536_532958692567868_4827800519449857196_n-225x300.jpg]
[www.iguazu.gob.ar/wp-content/uploads/2024/09/458828297_532958745901196_3523602639059632336_n.jpg]
[www.iguazu.gob.ar/wp-content/uploads/2024/09/458828297_532958745901196_3523602639059632336_n-300x225.jpg]
[www.iguazu.gob.ar/notas/123-aniversario-pto-iguazu/index.html]
[www.iguazu.gob.ar/wp-content/uploads/essential-addons-elementor/33eeb1a1f.min5cfd.js]
[www.iguazu.gob.ar/wp-json/wp/v2/posts/8665.json]
[www.iguazu.gob.ar/wp-json/oembed/1.0/embedfafa.json]
[www.iguazu.gob.ar/wp-json/oembed/1.0/embed1d89]
[www.iguazu.gob.ar/wp-content/uploads/2024/09/Visita-de-la-Vicepresidente-1024x571.png]
[www.iguazu.gob.ar/notas/visita-vicepresidente/index.html]
[www.iguazu.gob.ar/cdn-cgi/l/email-protection.html]
[www.iguazu.gob.ar/wp-content/uploads/essential-addons-elementor/6a119a3fd.min1fdc.js]
[www.iguazu.gob.ar/libreta-sanitaria/index.html]
[www.iguazu.gob.ar/anexo-examen-medico/index.html]
[www.iguazu.gob.ar/solicitud-de-habilitacion-e-inscripcion-o-traslado/index.html]
[www.iguazu.gob.ar/solicitud-de-habilitacion-e-inscripcion-profesional/index.html]
[www.iguazu.gob.ar/solicitud-de-habilitacion-e-inscripcion-de-farmacias-clinicas-sanatorios-centros-de-salud-y-laboratorios/index.html]
[www.iguazu.gob.ar/solicitud-de-habilitacion-e-inscripcion-de-parada-de-remises/index.html]
[www.iguazu.gob.ar/solicitud-de-habilitacion-e-inscripcion-de-hoteles/index.html]
[www.iguazu.gob.ar/wp-content/plugins/elementor/assets/lib/animations/animations.mincd45.css]
[www.iguazu.gob.ar/wp-content/plugins/elementor/assets/lib/font-awesome/webfonts/fa-brands-400.html]
[www.iguazu.gob.ar/solicitud-de-habilitacion-e-inscripcion-de-empresas-constructoras/index.html]
[www.iguazu.gob.ar/wp-content/plugins/elementor/assets/lib/font-awesome/webfonts/fa-brands-400.svg]
[www.iguazu.gob.ar/wp-content/plugins/elementor/assets/lib/font-awesome/webfonts/fa-regular-400.html]
[www.iguazu.gob.ar/wp-content/plugins/elementor/assets/lib/font-awesome/webfonts/fa-regular-400.svg]
[www.iguazu.gob.ar/wp-content/plugins/elementor/assets/lib/font-awesome/webfonts/fa-solid-900.html]
[www.iguazu.gob.ar/wp-content/plugins/elementor/assets/lib/font-awesome/webfonts/fa-solid-900.svg]
[www.iguazu.gob.ar/index664b.html]
[www.iguazu.gob.ar/index7d87.html]
[www.iguazu.gob.ar/indexa818.html]
[www.iguazu.gob.ar/index470a.html]
[www.iguazu.gob.ar/index4544.html]
[www.iguazu.gob.ar/indexb5ee.html]
[www.iguazu.gob.ar/wp-content/uploads/2021/09/latas.svg]
[www.iguazu.gob.ar/wp-content/uploads/2021/09/plastico.svg]
[www.iguazu.gob.ar/wp-content/uploads/2021/09/papel-y-carton.svg]
[www.iguazu.gob.ar/wp-content/uploads/2021/09/vidrio.svg]
[www.iguazu.gob.ar/wp-content/uploads/2021/09/compost.svg]
[www.iguazu.gob.ar/wp-content/uploads/2021/09/otros.svg]
[www.iguazu.gob.ar/indexa49d.html]
[www.iguazu.gob.ar/indexa290.html]
[www.iguazu.gob.ar/indexe276.html]
[www.iguazu.gob.ar/index1025.html]
[www.iguazu.gob.ar/index6239.html]
[www.iguazu.gob.ar/indexce2e.html]
[www.iguazu.gob.ar/index83c3.html]
[www.iguazu.gob.ar/indexe618.html]
[www.iguazu.gob.ar/indexc7ce.html]
[www.iguazu.gob.ar/indexcfe8.html]
[www.iguazu.gob.ar/indexcf8a.html]
[www.iguazu.gob.ar/index65c1.html]
[www.iguazu.gob.ar/index76e1.html]
[www.iguazu.gob.ar/index60e8.html]
[www.iguazu.gob.ar/wp-content/plugins/reading-progress-bar/public/css/rp-public2b6f.css]
[www.iguazu.gob.ar/indexa481.html]
[www.iguazu.gob.ar/2024/09/13/index.html]
[www.iguazu.gob.ar/wp-content/plugins/simply-gallery-block/blocks/blocks.uni950a.css]
[www.iguazu.gob.ar/index2e04.html]
[www.iguazu.gob.ar/2024/09/10/index.html]
[www.iguazu.gob.ar/index744b.html]
[www.iguazu.gob.ar/2024/09/08/index.html]
[www.iguazu.gob.ar/index52cd.html]
[municipalidaddeiguazu.com/wp-content/uploads/2019/08/white-overlay-1.png]
[municipalidaddeiguazu.com/wp-content/uploads/2019/08/white-overlay.png]
